07-May-2026 17:02:44.145 INFO [main] org.apache.catalina.startup.VersionLoggerListener.log Имя версии сервера:    Apache Tomcat/11.0.20
07-May-2026 17:02:44.148 INFO [main] org.apache.catalina.startup.VersionLoggerListener.log Сервер собран:         Mar 16 2026 17:09:18 UTC
07-May-2026 17:02:44.148 INFO [main] org.apache.catalina.startup.VersionLoggerListener.log Номер версии сервера:  11.0.20.0
07-May-2026 17:02:44.148 INFO [main] org.apache.catalina.startup.VersionLoggerListener.log OS Name:               Windows 11
07-May-2026 17:02:44.149 INFO [main] org.apache.catalina.startup.VersionLoggerListener.log Версия ОС:             10.0
07-May-2026 17:02:44.149 INFO [main] org.apache.catalina.startup.VersionLoggerListener.log Архитектура:           amd64
07-May-2026 17:02:44.149 INFO [main] org.apache.catalina.startup.VersionLoggerListener.log Java Home:             D:\Java\jdk-25.0.2
07-May-2026 17:02:44.149 INFO [main] org.apache.catalina.startup.VersionLoggerListener.log Версия JVM:            25.0.2+10-LTS-69
07-May-2026 17:02:44.149 INFO [main] org.apache.catalina.startup.VersionLoggerListener.log Производитель JVM:     Oracle Corporation
07-May-2026 17:02:44.149 INFO [main] org.apache.catalina.startup.VersionLoggerListener.log CATALINA_BASE:         D:\Tomcat11\conf\Catalina
07-May-2026 17:02:44.149 INFO [main] org.apache.catalina.startup.VersionLoggerListener.log CATALINA_HOME:         D:\Tomcat11
07-May-2026 17:02:44.157 INFO [main] org.apache.catalina.startup.VersionLoggerListener.log Command line argument: --add-opens=java.base/java.lang=ALL-UNNAMED
07-May-2026 17:02:44.158 INFO [main] org.apache.catalina.startup.VersionLoggerListener.log Command line argument: --add-opens=java.base/java.io=ALL-UNNAMED
07-May-2026 17:02:44.158 INFO [main] org.apache.catalina.startup.VersionLoggerListener.log Command line argument: --add-opens=java.base/java.util=ALL-UNNAMED
07-May-2026 17:02:44.158 INFO [main] org.apache.catalina.startup.VersionLoggerListener.log Command line argument: --add-opens=java.base/java.util.concurrent=ALL-UNNAMED
07-May-2026 17:02:44.158 INFO [main] org.apache.catalina.startup.VersionLoggerListener.log Command line argument: --add-opens=java.rmi/sun.rmi.transport=ALL-UNNAMED
07-May-2026 17:02:44.158 INFO [main] org.apache.catalina.startup.VersionLoggerListener.log Command line argument: -Dcatalina.home=D:\Tomcat11
07-May-2026 17:02:44.158 INFO [main] org.apache.catalina.startup.VersionLoggerListener.log Command line argument: -Dcatalina.base=D:\Tomcat11\conf\Catalina
07-May-2026 17:02:44.158 INFO [main] org.apache.catalina.startup.VersionLoggerListener.log Command line argument: -Djava.io.tmpdir=D:\Tomcat11\conf\Catalina\temp
07-May-2026 17:02:44.158 INFO [main] org.apache.catalina.startup.VersionLoggerListener.log Command line argument: -Djava.util.logging.config.file=D:\Tomcat11\conf\Catalina\conf\logging.properties
07-May-2026 17:02:44.158 INFO [main] org.apache.catalina.startup.VersionLoggerListener.log Command line argument: -Djava.util.logging.manager=org.apache.juli.ClassLoaderLogManager
07-May-2026 17:02:44.159 INFO [main] org.apache.catalina.startup.VersionLoggerListener.log Command line argument: -javaagent:D:\IntelliJ IDEA 2025.3.1\lib\idea_rt.jar=56002
07-May-2026 17:02:44.159 INFO [main] org.apache.catalina.startup.VersionLoggerListener.log Command line argument: -Dfile.encoding=UTF-8
07-May-2026 17:02:44.159 INFO [main] org.apache.catalina.startup.VersionLoggerListener.log Command line argument: -Dsun.stdout.encoding=UTF-8
07-May-2026 17:02:44.159 INFO [main] org.apache.catalina.startup.VersionLoggerListener.log Command line argument: -Dsun.stderr.encoding=UTF-8
07-May-2026 17:02:44.164 INFO [main] org.apache.catalina.core.AprLifecycleListener.lifecycleEvent The Apache Tomcat Native library which allows using OpenSSL was not found on the java.library.path: [D:\Java\jdk-25.0.2\bin;C:\WINDOWS\Sun\Java\bin;C:\WINDOWS\system32;C:\WINDOWS;C:\WINDOWS\system32;C:\WINDOWS;C:\WINDOWS\System32\Wbem;C:\WINDOWS\System32\WindowsPowerShell\v1.0\;C:\WINDOWS\System32\OpenSSH\;C:\Program Files\NVIDIA Corporation\NVIDIA App\NvDLISR;C:\Program Files (x86)\NVIDIA Corporation\PhysX\Common;D:\Java\jdk-25.0.2\bin;C:\Users\kurey\AppData\Local\Microsoft\WindowsApps;C:\Users\kurey\AppData\Local\GitHubDesktop\bin;.]
07-May-2026 17:02:44.396 INFO [main] org.apache.coyote.AbstractProtocol.init Инициализация ProtocolHandler ["http-nio-8080"]
07-May-2026 17:02:44.409 INFO [main] org.apache.catalina.startup.Catalina.load Server initialization in [426] milliseconds
07-May-2026 17:02:44.455 INFO [main] org.apache.catalina.core.StandardService.startInternal Starting service [Catalina]
07-May-2026 17:02:44.455 INFO [main] org.apache.catalina.core.StandardEngine.startInternal Starting Servlet engine: [Apache Tomcat/11.0.20]
07-May-2026 17:02:44.467 INFO [main] org.apache.catalina.startup.HostConfig.deployDescriptor Deploying deployment descriptor [D:\Tomcat11\conf\Catalina\conf\Catalina\localhost\ROOT.xml]
07-May-2026 17:02:44.764 INFO [main] org.apache.catalina.startup.HostConfig.deployDescriptor Deployment of deployment descriptor [D:\Tomcat11\conf\Catalina\conf\Catalina\localhost\ROOT.xml] has finished in [292] ms
07-May-2026 17:02:44.768 INFO [main] org.apache.coyote.AbstractProtocol.start Starting ProtocolHandler ["http-nio-8080"]
07-May-2026 17:02:44.800 INFO [main] org.apache.catalina.startup.Catalina.start Server startup in [389] milliseconds
07-May-2026 17:03:15.700 INFO [Thread-1] org.apache.coyote.AbstractProtocol.pause Pausing ProtocolHandler ["http-nio-8080"]
07-May-2026 17:03:15.708 INFO [Thread-1] org.apache.catalina.core.StandardService.stopInternal Stopping service [Catalina]
07-May-2026 17:03:15.715 INFO [Thread-1] org.apache.coyote.AbstractProtocol.stop Stopping ProtocolHandler ["http-nio-8080"]
07-May-2026 17:03:15.719 INFO [Thread-1] org.apache.coyote.AbstractProtocol.destroy Destroying ProtocolHandler ["http-nio-8080"]
